2026-08-26 21:13:49,267 [INFO] [2m2026-08-26T15:43:49.267633Z[0m [[32m[1minfo     [0m] [1mGitHub client initialized     [0m [36mrepo[0m=[35mbskomal/pr-triage-bot[0m
2026-08-26 21:13:49,363 [INFO] [2m2026-08-26T15:43:49.363523Z[0m [[32m[1minfo     [0m] [1mLLM client initialized        [0m [36mmodel[0m=[35mllama3.2[0m [36mprovider[0m=[35mollama[0m
2026-08-26 21:13:49,363 [INFO] [2m2026-08-26T15:43:49.363711Z[0m [[32m[1minfo     [0m] [1mAnalyzer initialized          [0m [36mdry_run[0m=[35mTrue[0m
2026-08-26 21:13:49,364 [INFO] [2m2026-08-26T15:43:49.364193Z[0m [[32m[1minfo     [0m] [1mStarting full triage          [0m [36mmax_issues[0m=[35m100[0m [36mmax_prs[0m=[35m50[0m [36mrepo[0m=[35mbskomal/pr-triage-bot[0m
2026-08-26 21:13:52,944 [WARNING] [2m2026-08-26T15:43:52.944472Z[0m [[33m[1mwarning  [0m] [1mFailed to check rate limit    [0m [36merror[0m=[35m"'RateLimitOverview' object has no attribute 'core'"[0m
2026-08-26 21:14:00,586 [INFO] [2m2026-08-26T15:44:00.586542Z[0m [[32m[1minfo     [0m] [1mFetched open PRs              [0m [36mcount[0m=[35m1[0m
2026-08-26 21:14:01,539 [WARNING] [2m2026-08-26T15:44:01.539417Z[0m [[33m[1mwarning  [0m] [1mFailed to check rate limit    [0m [36merror[0m=[35m"'RateLimitOverview' object has no attribute 'core'"[0m
2026-08-26 21:14:02,385 [INFO] [2m2026-08-26T15:44:02.385701Z[0m [[32m[1minfo     [0m] [1mFetched open issues           [0m [36mcount[0m=[35m0[0m
2026-08-26 21:14:02,388 [INFO] [2m2026-08-26T15:44:02.388751Z[0m [[32m[1minfo     [0m] [1mAnalyzing PR                  [0m [36mpr_number[0m=[35m1[0m [36mtitle[0m=[35m'Update README with test PR message'[0m
2026-08-26 21:14:03,962 [WARNING] [2m2026-08-26T15:44:03.962590Z[0m [[33m[1mwarning  [0m] [1mFailed to check rate limit    [0m [36merror[0m=[35m"'RateLimitOverview' object has no attribute 'core'"[0m
2026-08-26 21:14:05,931 [INFO] [2m2026-08-26T15:44:05.931074Z[0m [[32m[1minfo     [0m] [1mScoring PR quality            [0m [36mtitle[0m=[35m'Update README with test PR message'[0m
2026-08-26 21:14:05,932 [INFO] [2m2026-08-26T15:44:05.932007Z[0m [[32m[1minfo     [0m] [1mRunning slop detection        [0m [36mpr_title[0m=[35m'Update README with test PR message'[0m
2026-08-26 21:14:05,933 [INFO] [2m2026-08-26T15:44:05.933557Z[0m [[32m[1minfo     [0m] [1mSlop detection complete       [0m [36mconfidence[0m=[35m0.23076923076923075[0m [36mis_slop[0m=[35mFalse[0m [36mseverity[0m=[35mlow[0m [36msignals[0m=[35m['minimal_description', 'no_tests_added'][0m
2026-08-26 21:14:14,112 [INFO] [2m2026-08-26T15:44:14.112588Z[0m [[32m[1minfo     [0m] [1mGitHub client initialized     [0m [36mrepo[0m=[35mbskomal/pr-triage-bot[0m
2026-08-26 21:14:14,170 [INFO] [2m2026-08-26T15:44:14.170339Z[0m [[32m[1minfo     [0m] [1mLLM client initialized        [0m [36mmodel[0m=[35mllama3.2[0m [36mprovider[0m=[35mollama[0m
2026-08-26 21:14:14,170 [INFO] [2m2026-08-26T15:44:14.170494Z[0m [[32m[1minfo     [0m] [1mAnalyzer initialized          [0m [36mdry_run[0m=[35mTrue[0m
2026-08-26 21:14:14,171 [INFO] [2m2026-08-26T15:44:14.171230Z[0m [[32m[1minfo     [0m] [1mStarting full triage          [0m [36mmax_issues[0m=[35m100[0m [36mmax_prs[0m=[35m50[0m [36mrepo[0m=[35mbskomal/pr-triage-bot[0m
2026-08-26 21:14:15,176 [INFO] HTTP Request: POST http://localhost:11434/api/chat "HTTP/1.1 200 OK"
2026-08-26 21:14:15,177 [INFO] [2m2026-08-26T15:44:15.177388Z[0m [[32m[1minfo     [0m] [1mScoring complete              [0m [36moverall[0m=[35m34[0m [36mtier[0m=[35mpoor[0m
2026-08-26 21:14:15,755 [INFO] HTTP Request: POST http://localhost:11434/api/chat "HTTP/1.1 200 OK"
2026-08-26 21:14:15,756 [INFO] [2m2026-08-26T15:44:15.756721Z[0m [[32m[1minfo     [0m] [1mPR analysis complete          [0m [36melapsed_ms[0m=[35m13367[0m [36mis_slop[0m=[35mFalse[0m [36mlabels_applied[0m=[35m['type: docs', 'priority: low', 'quality: needs-work'][0m [36mpr_number[0m=[35m1[0m [36mpriority[0m=[35mlow[0m [36mquality_tier[0m=[35mpoor[0m
2026-08-26 21:14:15,756 [INFO] [2m2026-08-26T15:44:15.756920Z[0m [[32m[1minfo     [0m] [1mFull triage complete          [0m [36mcritical_prs[0m=[35m0[0m [36mflagged_prs[0m=[35m0[0m [36missues_analyzed[0m=[35m0[0m [36mprs_analyzed[0m=[35m1[0m
2026-08-26 21:14:15,758 [INFO] [2m2026-08-26T15:44:15.758204Z[0m [[32m[1minfo     [0m] [1mGenerating digest             [0m [36mformat[0m=[35mmarkdown[0m [36mprs[0m=[35m1[0m [36mrepo[0m=[35mbskomal/pr-triage-bot[0m
2026-08-26 21:14:16,940 [WARNING] [2m2026-08-26T15:44:16.940781Z[0m [[33m[1mwarning  [0m] [1mFailed to check rate limit    [0m [36merror[0m=[35m"'RateLimitOverview' object has no attribute 'core'"[0m
2026-08-26 21:14:25,028 [INFO] [2m2026-08-26T15:44:25.028770Z[0m [[32m[1minfo     [0m] [1mFetched open PRs              [0m [36mcount[0m=[35m1[0m
2026-08-26 21:14:25,702 [WARNING] [2m2026-08-26T15:44:25.702082Z[0m [[33m[1mwarning  [0m] [1mFailed to check rate limit    [0m [36merror[0m=[35m"'RateLimitOverview' object has no attribute 'core'"[0m
2026-08-26 21:14:26,619 [INFO] [2m2026-08-26T15:44:26.619568Z[0m [[32m[1minfo     [0m] [1mFetched open issues           [0m [36mcount[0m=[35m0[0m
2026-08-26 21:14:26,619 [INFO] [2m2026-08-26T15:44:26.619830Z[0m [[32m[1minfo     [0m] [1mAnalyzing PR                  [0m [36mpr_number[0m=[35m1[0m [36mtitle[0m=[35m'Update README with test PR message'[0m
2026-08-26 21:14:27,566 [WARNING] [2m2026-08-26T15:44:27.566335Z[0m [[33m[1mwarning  [0m] [1mFailed to check rate limit    [0m [36merror[0m=[35m"'RateLimitOverview' object has no attribute 'core'"[0m
2026-08-26 21:14:29,953 [INFO] [2m2026-08-26T15:44:29.953868Z[0m [[32m[1minfo     [0m] [1mScoring PR quality            [0m [36mtitle[0m=[35m'Update README with test PR message'[0m
2026-08-26 21:14:29,954 [INFO] [2m2026-08-26T15:44:29.954602Z[0m [[32m[1minfo     [0m] [1mRunning slop detection        [0m [36mpr_title[0m=[35m'Update README with test PR message'[0m
2026-08-26 21:14:29,955 [INFO] [2m2026-08-26T15:44:29.955789Z[0m [[32m[1minfo     [0m] [1mSlop detection complete       [0m [36mconfidence[0m=[35m0.23076923076923075[0m [36mis_slop[0m=[35mFalse[0m [36mseverity[0m=[35mlow[0m [36msignals[0m=[35m['minimal_description', 'no_tests_added'][0m
2026-08-26 21:14:31,212 [INFO] HTTP Request: POST http://localhost:11434/api/chat "HTTP/1.1 200 OK"
2026-08-26 21:14:31,213 [INFO] [2m2026-08-26T15:44:31.213498Z[0m [[32m[1minfo     [0m] [1mScoring complete              [0m [36moverall[0m=[35m44[0m [36mtier[0m=[35mneeds-work[0m
2026-08-26 21:14:31,790 [INFO] HTTP Request: POST http://localhost:11434/api/chat "HTTP/1.1 200 OK"
2026-08-26 21:14:31,791 [INFO] [2m2026-08-26T15:44:31.791123Z[0m [[32m[1minfo     [0m] [1mPR analysis complete          [0m [36melapsed_ms[0m=[35m5171[0m [36mis_slop[0m=[35mFalse[0m [36mlabels_applied[0m=[35m['type: docs', 'priority: low', 'quality: needs-work'][0m [36mpr_number[0m=[35m1[0m [36mpriority[0m=[35mlow[0m [36mquality_tier[0m=[35mneeds-work[0m
2026-08-26 21:14:31,791 [INFO] [2m2026-08-26T15:44:31.791292Z[0m [[32m[1minfo     [0m] [1mFull triage complete          [0m [36mcritical_prs[0m=[35m0[0m [36mflagged_prs[0m=[35m0[0m [36missues_analyzed[0m=[35m0[0m [36mprs_analyzed[0m=[35m1[0m
2026-08-26 21:14:31,793 [INFO] [2m2026-08-26T15:44:31.793393Z[0m [[32m[1minfo     [0m] [1mGenerating digest             [0m [36mformat[0m=[35mmarkdown[0m [36mprs[0m=[35m1[0m [36mrepo[0m=[35mbskomal/pr-triage-bot[0m
2026-08-26 21:14:40,674 [INFO] [2m2026-08-26T15:44:40.674117Z[0m [[32m[1minfo     [0m] [1mGitHub client initialized     [0m [36mrepo[0m=[35mbskomal/pr-triage-bot[0m
2026-08-26 21:14:42,436 [WARNING] [2m2026-08-26T15:44:42.436758Z[0m [[33m[1mwarning  [0m] [1mFailed to check rate limit    [0m [36merror[0m=[35m"'RateLimitOverview' object has no attribute 'core'"[0m
2026-08-26 21:14:47,561 [INFO] [2m2026-08-26T15:44:47.561304Z[0m [[32m[1minfo     [0m] [1mFetched open PRs              [0m [36mcount[0m=[35m1[0m
2026-08-26 21:14:47,621 [INFO] [2m2026-08-26T15:44:47.621862Z[0m [[32m[1minfo     [0m] [1mLLM client initialized        [0m [36mmodel[0m=[35mllama3.2[0m [36mprovider[0m=[35mollama[0m
2026-08-26 21:14:47,622 [INFO] [2m2026-08-26T15:44:47.621998Z[0m [[32m[1minfo     [0m] [1mAnalyzer initialized          [0m [36mdry_run[0m=[35mTrue[0m
2026-08-26 21:14:47,622 [INFO] [2m2026-08-26T15:44:47.622069Z[0m [[32m[1minfo     [0m] [1mAnalyzing PR                  [0m [36mpr_number[0m=[35m1[0m [36mtitle[0m=[35m'Update README with test PR message'[0m
2026-08-26 21:14:48,422 [WARNING] [2m2026-08-26T15:44:48.422116Z[0m [[33m[1mwarning  [0m] [1mFailed to check rate limit    [0m [36merror[0m=[35m"'RateLimitOverview' object has no attribute 'core'"[0m
2026-08-26 21:14:50,673 [INFO] [2m2026-08-26T15:44:50.673488Z[0m [[32m[1minfo     [0m] [1mScoring PR quality            [0m [36mtitle[0m=[35m'Update README with test PR message'[0m
2026-08-26 21:14:50,674 [INFO] [2m2026-08-26T15:44:50.674186Z[0m [[32m[1minfo     [0m] [1mRunning slop detection        [0m [36mpr_title[0m=[35m'Update README with test PR message'[0m
2026-08-26 21:14:50,676 [INFO] [2m2026-08-26T15:44:50.676684Z[0m [[32m[1minfo     [0m] [1mSlop detection complete       [0m [36mconfidence[0m=[35m0.23076923076923075[0m [36mis_slop[0m=[35mFalse[0m [36mseverity[0m=[35mlow[0m [36msignals[0m=[35m['minimal_description', 'no_tests_added'][0m
2026-08-26 21:14:51,816 [INFO] HTTP Request: POST http://localhost:11434/api/chat "HTTP/1.1 200 OK"
2026-08-26 21:14:52,656 [INFO] HTTP Request: POST http://localhost:11434/api/chat "HTTP/1.1 200 OK"
2026-08-26 21:14:52,656 [INFO] [2m2026-08-26T15:44:52.656637Z[0m [[32m[1minfo     [0m] [1mScoring complete              [0m [36moverall[0m=[35m51[0m [36mtier[0m=[35mneeds-work[0m
2026-08-26 21:14:52,656 [INFO] [2m2026-08-26T15:44:52.656752Z[0m [[32m[1minfo     [0m] [1mPR analysis complete          [0m [36melapsed_ms[0m=[35m5034[0m [36mis_slop[0m=[35mFalse[0m [36mlabels_applied[0m=[35m['type: docs', 'priority: low', 'quality: needs-work'][0m [36mpr_number[0m=[35m1[0m [36mpriority[0m=[35mlow[0m [36mquality_tier[0m=[35mneeds-work[0m
2026-08-26 21:14:59,357 [INFO] [2m2026-08-26T15:44:59.357714Z[0m [[32m[1minfo     [0m] [1mGitHub client initialized     [0m [36mrepo[0m=[35mbskomal/pr-triage-bot[0m
2026-08-26 21:15:01,476 [WARNING] [2m2026-08-26T15:45:01.476408Z[0m [[33m[1mwarning  [0m] [1mFailed to check rate limit    [0m [36merror[0m=[35m"'RateLimitOverview' object has no attribute 'core'"[0m
2026-08-26 21:16:03,539 [INFO] [2m2026-08-26T15:46:03.538979Z[0m [[32m[1minfo     [0m] [1mGitHub client initialized     [0m [36mrepo[0m=[35mbskomal/pr-triage-bot[0m
2026-08-26 21:16:05,039 [WARNING] [2m2026-08-26T15:46:05.039114Z[0m [[33m[1mwarning  [0m] [1mFailed to check rate limit    [0m [36merror[0m=[35m"'RateLimitOverview' object has no attribute 'core'"[0m
2026-08-26 21:17:40,634 [INFO] [2m2026-08-26T15:47:40.634628Z[0m [[32m[1minfo     [0m] [1mGitHub client initialized     [0m [36mrepo[0m=[35mbskomal/pr-triage-bot[0m
2026-08-26 21:17:41,359 [WARNING] [2m2026-08-26T15:47:41.358990Z[0m [[33m[1mwarning  [0m] [1mFailed to check rate limit    [0m [36merror[0m=[35m"'RateLimitOverview' object has no attribute 'core'"[0m
2026-08-26 21:17:45,224 [INFO] [2m2026-08-26T15:47:45.224897Z[0m [[32m[1minfo     [0m] [1mFetched open PRs              [0m [36mcount[0m=[35m1[0m
2026-08-26 21:17:45,292 [INFO] [2m2026-08-26T15:47:45.292575Z[0m [[32m[1minfo     [0m] [1mLLM client initialized        [0m [36mmodel[0m=[35mllama3.2[0m [36mprovider[0m=[35mollama[0m
2026-08-26 21:17:45,292 [INFO] [2m2026-08-26T15:47:45.292717Z[0m [[32m[1minfo     [0m] [1mAnalyzer initialized          [0m [36mdry_run[0m=[35mTrue[0m
2026-08-26 21:17:45,292 [INFO] [2m2026-08-26T15:47:45.292820Z[0m [[32m[1minfo     [0m] [1mAnalyzing PR                  [0m [36mpr_number[0m=[35m1[0m [36mtitle[0m=[35m'Update README with test PR message'[0m
2026-08-26 21:17:46,188 [WARNING] [2m2026-08-26T15:47:46.188792Z[0m [[33m[1mwarning  [0m] [1mFailed to check rate limit    [0m [36merror[0m=[35m"'RateLimitOverview' object has no attribute 'core'"[0m
2026-08-26 21:17:47,846 [INFO] [2m2026-08-26T15:47:47.846352Z[0m [[32m[1minfo     [0m] [1mScoring PR quality            [0m [36mtitle[0m=[35m'Update README with test PR message'[0m
2026-08-26 21:17:47,847 [INFO] [2m2026-08-26T15:47:47.847059Z[0m [[32m[1minfo     [0m] [1mRunning slop detection        [0m [36mpr_title[0m=[35m'Update README with test PR message'[0m
2026-08-26 21:17:47,848 [INFO] [2m2026-08-26T15:47:47.848356Z[0m [[32m[1minfo     [0m] [1mSlop detection complete       [0m [36mconfidence[0m=[35m0.23076923076923075[0m [36mis_slop[0m=[35mFalse[0m [36mseverity[0m=[35mlow[0m [36msignals[0m=[35m['minimal_description', 'no_tests_added'][0m
2026-08-26 21:17:48,944 [INFO] HTTP Request: POST http://localhost:11434/api/chat "HTTP/1.1 200 OK"
2026-08-26 21:17:49,705 [INFO] HTTP Request: POST http://localhost:11434/api/chat "HTTP/1.1 200 OK"
2026-08-26 21:17:49,705 [INFO] [2m2026-08-26T15:47:49.705569Z[0m [[32m[1minfo     [0m] [1mScoring complete              [0m [36moverall[0m=[35m44[0m [36mtier[0m=[35mneeds-work[0m
2026-08-26 21:17:49,705 [INFO] [2m2026-08-26T15:47:49.705687Z[0m [[32m[1minfo     [0m] [1mPR analysis complete          [0m [36melapsed_ms[0m=[35m4412[0m [36mis_slop[0m=[35mFalse[0m [36mlabels_applied[0m=[35m['type: docs', 'priority: low', 'quality: needs-work'][0m [36mpr_number[0m=[35m1[0m [36mpriority[0m=[35mlow[0m [36mquality_tier[0m=[35mneeds-work[0m
